// Vitest Snapshot v1, https://vitest.dev/guide/snapshot.html

exports[`SRS golden — công thức FSRS không được đổi > chuỗi again→hard→good→good→easy trên 3 thẻ cho lịch ôn cố định 1`] = `
[
  {
    "apple": {
      "difficulty": 6.4133,
      "dueOffsetMs": 0,
      "lapses": 0,
      "reps": 1,
      "scheduled_days": 1,
      "stability": 0.212,
      "state": 2,
    },
    "grammar:a1-be": {
      "difficulty": 6.4133,
      "dueOffsetMs": 0,
      "lapses": 0,
      "reps": 1,
      "scheduled_days": 1,
      "stability": 0.212,
      "state": 2,
    },
    "prog:p1-b1:0": {
      "difficulty": 6.4133,
      "dueOffsetMs": 0,
      "lapses": 0,
      "reps": 1,
      "scheduled_days": 1,
      "stability": 0.212,
      "state": 2,
    },
  },
  {
    "apple": {
      "difficulty": 7.60420977,
      "dueOffsetMs": 172800000,
      "lapses": 0,
      "reps": 2,
      "scheduled_days": 2,
      "stability": 0.212,
      "state": 2,
    },
    "grammar:a1-be": {
      "difficulty": 7.60420977,
      "dueOffsetMs": 172800000,
      "lapses": 0,
      "reps": 2,
      "scheduled_days": 2,
      "stability": 0.212,
      "state": 2,
    },
    "prog:p1-b1:0": {
      "difficulty": 7.60420977,
      "dueOffsetMs": 172800000,
      "lapses": 0,
      "reps": 2,
      "scheduled_days": 2,
      "stability": 0.212,
      "state": 2,
    },
  },
  {
    "apple": {
      "difficulty": 7.59183393,
      "dueOffsetMs": 259200000,
      "lapses": 0,
      "reps": 3,
      "scheduled_days": 3,
      "stability": 0.212,
      "state": 2,
    },
    "grammar:a1-be": {
      "difficulty": 7.59183393,
      "dueOffsetMs": 259200000,
      "lapses": 0,
      "reps": 3,
      "scheduled_days": 3,
      "stability": 0.212,
      "state": 2,
    },
    "prog:p1-b1:0": {
      "difficulty": 7.59183393,
      "dueOffsetMs": 259200000,
      "lapses": 0,
      "reps": 3,
      "scheduled_days": 3,
      "stability": 0.212,
      "state": 2,
    },
  },
  {
    "apple": {
      "difficulty": 7.57947047,
      "dueOffsetMs": 259200000,
      "lapses": 0,
      "reps": 4,
      "scheduled_days": 3,
      "stability": 0.212,
      "state": 2,
    },
    "grammar:a1-be": {
      "difficulty": 7.57947047,
      "dueOffsetMs": 259200000,
      "lapses": 0,
      "reps": 4,
      "scheduled_days": 3,
      "stability": 0.212,
      "state": 2,
    },
    "prog:p1-b1:0": {
      "difficulty": 7.57947047,
      "dueOffsetMs": 259200000,
      "lapses": 0,
      "reps": 4,
      "scheduled_days": 3,
      "stability": 0.212,
      "state": 2,
    },
  },
  {
    "apple": {
      "difficulty": 6.75587067,
      "dueOffsetMs": 345600000,
      "lapses": 0,
      "reps": 5,
      "scheduled_days": 4,
      "stability": 0.212,
      "state": 2,
    },
    "grammar:a1-be": {
      "difficulty": 6.75587067,
      "dueOffsetMs": 345600000,
      "lapses": 0,
      "reps": 5,
      "scheduled_days": 4,
      "stability": 0.212,
      "state": 2,
    },
    "prog:p1-b1:0": {
      "difficulty": 6.75587067,
      "dueOffsetMs": 345600000,
      "lapses": 0,
      "reps": 5,
      "scheduled_days": 4,
      "stability": 0.212,
      "state": 2,
    },
  },
]
`;

exports[`SRS golden — công thức FSRS không được đổi > hằng số điều phối phiên ôn không đổi 1`] = `
{
  "NEW_CARD_DELAY_MS": 14400000,
  "SRS_SESSION_CAP": 30,
}
`;

exports[`SRS golden — công thức FSRS không được đổi > thẻ mới và thẻ "đã biết sẵn" giữ nguyên mốc due ban đầu 1`] = `
{
  "daBiet": {
    "difficulty": 2.11810397,
    "dueOffsetMs": 604800000,
    "lapses": 0,
    "reps": 1,
    "scheduled_days": 3,
    "stability": 2.3065,
    "state": 2,
  },
  "moi": {
    "difficulty": 0,
    "dueOffsetMs": 14400000,
    "lapses": 0,
    "reps": 0,
    "scheduled_days": 0,
    "stability": 0,
    "state": 0,
  },
}
`;
